// Jest Snapshot v1, https://goo.gl/fbAQLP

exports[`Login page is working fine renders Login 1`] = `
<h1
  className="text-center"
>
   You have to Log in
</h1>
`;
